09:25:26 **** Incremental Build of configuration Debug for project Switch_sequence_using HAL ****
make -j12 all 
arm-none-eabi-gcc "../Core/Src/main.c" -mcpu=cortex-m4 -std=gnu11 -g3 -DDEBUG -DUSE_HAL_DRIVER -DSTM32F407xx -c -I../Core/Inc -I../Drivers/STM32F4xx_HAL_Driver/Inc -I../Drivers/STM32F4xx_HAL_Driver/Inc/Legacy -I../Drivers/CMSIS/Device/ST/STM32F4xx/Include -I../Drivers/CMSIS/Include -O0 -ffunction-sections -fdata-sections -Wall -fstack-usage -fcyclomatic-complexity -MMD -MP -MF"Core/Src/main.d" -MT"Core/Src/main.o" --specs=nano.specs -mfpu=fpv4-sp-d16 -mfloat-abi=hard -mthumb -o "Core/Src/main.o"
arm-none-eabi-gcc -o "Switch_sequence_using HAL.elf" @"objects.list"   -mcpu=cortex-m4 -T"E:\Sunbeam Data\ARM_94256_Priyanka\Assignment-7\Switch_sequence_using HAL\STM32F407VGTX_FLASH.ld" --specs=nosys.specs -Wl,-Map="Switch_sequence_using HAL.map" -Wl,--gc-sections -static --specs=nano.specs -mfpu=fpv4-sp-d16 -mfloat-abi=hard -mthumb -Wl,--start-group -lc -lm -Wl,--end-group
Finished building target: Switch_sequence_using HAL.elf
 
arm-none-eabi-size  Switch_sequence_using\ HAL.elf 
arm-none-eabi-objdump -h -S Switch_sequence_using\ HAL.elf  > "Switch_sequence_using HAL.list"
   text	   data	    bss	    dec	    hex	filename
   6164	     12	   1572	   7748	   1e44	Switch_sequence_using HAL.elf
Finished building: default.size.stdout
 
Finished building: Switch_sequence_using HAL.list
 
09:26:04 **** Incremental Build of configuration Debug for project Switch_sequence_using HAL ****
make -j12 all 
arm-none-eabi-size  Switch_sequence_using\ HAL.elf 
   text	   data	    bss	    dec	    hex	filename
   6164	     12	   1572	   7748	   1e44	Switch_sequence_using HAL.elf
Finished building: default.size.stdout
 
